// Jest Snapshot v1, https://goo.gl/fbAQLP

exports[`renders correctly 1`] = `
<a
  className="text-button"
  href="link"
  onClick={[Function]}
>
  text
  <span
    className="text-button-border"
  />
</a>
`;
