// Jest Snapshot v1, https://goo.gl/fbAQLP

exports[`renders correctly 1`] = `
<button
  className="text-button"
  onClick={[Function]}
  type="submit"
>
  text
  <span
    className="text-button-border"
  />
</button>
`;
